09:32:15:420  INFO 7380 --- [main] com.hmall.user.UserApplication           : Starting UserApplication using Java 17.0.18 on LAPTOP-TAHSHQGJ with PID 7380 (D:\shuangti\woekspace147\microService147\hmall\user-service\target\classes started by guorenhao in D:\shuangti\woekspace147\microService147)
09:32:15:427 DEBUG 7380 --- [main] com.hmall.user.UserApplication           : Running with Spring Boot v2.7.12, Spring v5.3.27
09:32:15:428  INFO 7380 --- [main] com.hmall.user.UserApplication           : The following 1 profile is active: "dev"
09:32:16:877  INFO 7380 --- [main] .s.d.r.c.RepositoryConfigurationDelegate : Multiple Spring Data modules found, entering strict repository configuration mode
09:32:16:882  INFO 7380 --- [main] .s.d.r.c.RepositoryConfigurationDelegate : Bootstrapping Spring Data Redis repositories in DEFAULT mode.
09:32:16:928  INFO 7380 --- [main] .s.d.r.c.RepositoryConfigurationDelegate : Finished Spring Data repository scanning in 20 ms. Found 0 Redis repository interfaces.
09:32:17:269  INFO 7380 --- [main] o.s.cloud.context.scope.GenericScope     : BeanFactory id=0d32979e-0159-3263-803a-078e7ca7016d
09:32:18:018  INFO 7380 --- [main] o.s.b.w.embedded.tomcat.TomcatWebServer  : Tomcat initialized with port(s): 8083 (http)
09:32:18:030  INFO 7380 --- [main] o.apache.catalina.core.StandardService   : Starting service [Tomcat]
09:32:18:031  INFO 7380 --- [main] org.apache.catalina.core.StandardEngine  : Starting Servlet engine: [Apache Tomcat/9.0.75]
09:32:18:308  INFO 7380 --- [main] o.a.c.c.C.[Tomcat].[localhost].[/]       : Initializing Spring embedded WebApplicationContext
09:32:18:308  INFO 7380 --- [main] w.s.c.ServletWebServerApplicationContext : Root WebApplicationContext: initialization completed in 2806 ms
09:32:20:752  INFO 7380 --- [main] pertySourcedRequestMappingHandlerMapping : Mapped URL path [/v2/api-docs] onto method [springfox.documentation.swagger2.web.Swagger2ControllerWebMvc#getDocumentation(String, HttpServletRequest)]
09:32:21:841  INFO 7380 --- [main] com.alibaba.nacos.common.remote.client   : [RpcClientFactory] create a new rpc client of 15ff79b7-34aa-4265-bb5c-8ed9475f5e15
09:32:21:930  INFO 7380 --- [main] org.reflections.Reflections              : Reflections took 35 ms to scan 1 urls, producing 3 keys and 6 values 
09:32:21:962  INFO 7380 --- [main] org.reflections.Reflections              : Reflections took 10 ms to scan 1 urls, producing 4 keys and 9 values 
09:32:21:973  INFO 7380 --- [main] org.reflections.Reflections              : Reflections took 6 ms to scan 1 urls, producing 3 keys and 10 values 
09:32:21:976  WARN 7380 --- [main] org.reflections.Reflections              : given scan urls are empty. set urls in the configuration
09:32:21:984  INFO 7380 --- [main] org.reflections.Reflections              : Reflections took 7 ms to scan 1 urls, producing 1 keys and 5 values 
09:32:21:997  INFO 7380 --- [main] org.reflections.Reflections              : Reflections took 10 ms to scan 1 urls, producing 1 keys and 7 values 
09:32:22:008  INFO 7380 --- [main] org.reflections.Reflections              : Reflections took 7 ms to scan 1 urls, producing 2 keys and 8 values 
09:32:22:011  WARN 7380 --- [main] org.reflections.Reflections              : given scan urls are empty. set urls in the configuration
09:32:22:013  INFO 7380 --- [main] com.alibaba.nacos.common.remote.client   : [15ff79b7-34aa-4265-bb5c-8ed9475f5e15] RpcClient init label, labels = {module=naming, source=sdk}
09:32:22:015  INFO 7380 --- [main] com.alibaba.nacos.common.remote.client   : [15ff79b7-34aa-4265-bb5c-8ed9475f5e15] RpcClient init, ServerListFactory = com.alibaba.nacos.client.naming.core.ServerListManager
09:32:22:016  INFO 7380 --- [main] com.alibaba.nacos.common.remote.client   : [15ff79b7-34aa-4265-bb5c-8ed9475f5e15] Registry connection listener to current client:com.alibaba.nacos.client.naming.remote.gprc.redo.NamingGrpcRedoService
09:32:22:016  INFO 7380 --- [main] com.alibaba.nacos.common.remote.client   : [15ff79b7-34aa-4265-bb5c-8ed9475f5e15] Register server push request handler:com.alibaba.nacos.client.naming.remote.gprc.NamingPushRequestHandler
09:32:22:019  INFO 7380 --- [main] com.alibaba.nacos.common.remote.client   : [15ff79b7-34aa-4265-bb5c-8ed9475f5e15] Try to connect to server on start up, server: {serverIp = '192.168.12.6', server main port = 8848}
09:32:23:450  INFO 7380 --- [main] com.alibaba.nacos.common.remote.client   : [15ff79b7-34aa-4265-bb5c-8ed9475f5e15] Success to connect to server [192.168.12.6:8848] on start up, connectionId = 1779672739983_192.168.12.1_2185
09:32:23:451  INFO 7380 --- [com.alibaba.nacos.client.remote.worker] com.alibaba.nacos.common.remote.client   : [15ff79b7-34aa-4265-bb5c-8ed9475f5e15] Notify connected event to listeners.
09:32:23:452  INFO 7380 --- [main] com.alibaba.nacos.common.remote.client   : [15ff79b7-34aa-4265-bb5c-8ed9475f5e15] Register server push request handler:com.alibaba.nacos.common.remote.client.RpcClient$ConnectResetRequestHandler
09:32:23:453  INFO 7380 --- [main] com.alibaba.nacos.common.remote.client   : [15ff79b7-34aa-4265-bb5c-8ed9475f5e15] Register server push request handler:com.alibaba.nacos.common.remote.client.RpcClient$$Lambda$1099/0x000000001c8b0ff0
09:32:23:525  INFO 7380 --- [main] o.s.b.w.embedded.tomcat.TomcatWebServer  : Tomcat started on port(s): 8083 (http) with context path ''
09:32:23:535  INFO 7380 --- [main] c.a.c.n.registry.NacosServiceRegistry    : nacos registry, DEFAULT_GROUP user-service 10.40.16.98:8083 register finished
09:32:23:779  INFO 7380 --- [main] d.s.w.p.DocumentationPluginsBootstrapper : Documentation plugins bootstrapped
09:32:23:782  INFO 7380 --- [main] d.s.w.p.DocumentationPluginsBootstrapper : Found 1 custom documentation plugin(s)
09:32:23:809  INFO 7380 --- [main] s.d.s.w.s.ApiListingReferenceScanner     : Scanning for api listing references
09:32:23:905  INFO 7380 --- [main] com.hmall.user.UserApplication           : Started UserApplication in 9.79 seconds (JVM running for 10.994)
09:32:24:086  INFO 7380 --- [nacos-grpc-client-executor-11] com.alibaba.nacos.common.remote.client   : [15ff79b7-34aa-4265-bb5c-8ed9475f5e15] Receive server push request, request = NotifySubscriberRequest, requestId = 3
09:32:24:089  INFO 7380 --- [nacos-grpc-client-executor-11] com.alibaba.nacos.common.remote.client   : [15ff79b7-34aa-4265-bb5c-8ed9475f5e15] Ack server push request, request = NotifySubscriberRequest, requestId = 3
09:34:45:155  WARN 7380 --- [Thread-7] c.a.n.common.http.HttpClientBeanHolder   : [HttpClientBeanHolder] Start destroying common HttpClient
09:34:45:155  WARN 7380 --- [Thread-4] c.a.nacos.common.notify.NotifyCenter     : [NotifyCenter] Start destroying Publisher
09:34:45:159  WARN 7380 --- [Thread-4] c.a.nacos.common.notify.NotifyCenter     : [NotifyCenter] Destruction of the end
09:34:45:161  WARN 7380 --- [Thread-7] c.a.n.common.http.HttpClientBeanHolder   : [HttpClientBeanHolder] Destruction of the end
09:34:45:268  INFO 7380 --- [SpringApplicationShutdownHook] c.a.c.n.registry.NacosServiceRegistry    : De-registering from Nacos Server now...
09:34:45:273  INFO 7380 --- [SpringApplicationShutdownHook] c.a.c.n.registry.NacosServiceRegistry    : De-registration finished.
09:34:45:603  INFO 7380 --- [SpringApplicationShutdownHook] com.alibaba.nacos.common.remote.client   : Shutdown rpc client, set status to shutdown
09:34:45:603  INFO 7380 --- [SpringApplicationShutdownHook] com.alibaba.nacos.common.remote.client   : Shutdown client event executor java.util.concurrent.ScheduledThreadPoolExecutor@49eec044[Running, pool size = 2, active threads = 2, queued tasks = 0, completed tasks = 0]
09:34:45:603  INFO 7380 --- [SpringApplicationShutdownHook] com.alibaba.nacos.common.remote.client   : Close current connection 1779672739983_192.168.12.1_2185
09:34:45:606  INFO 7380 --- [nacos-grpc-client-executor-46] c.a.n.c.remote.client.grpc.GrpcClient    : [1779672739983_192.168.12.1_2185]Ignore complete event,isRunning:false,isAbandon=false
09:34:45:612  INFO 7380 --- [SpringApplicationShutdownHook] c.a.n.c.remote.client.grpc.GrpcClient    : Shutdown grpc executor java.util.concurrent.ThreadPoolExecutor@51e45ef7[Running, pool size = 5, active threads = 0, queued tasks = 0, completed tasks = 47]
16:17:50:978  INFO 26920 --- [main] com.hmall.user.UserApplication           : Starting UserApplication using Java 17.0.18 on LAPTOP-TAHSHQGJ with PID 26920 (D:\shuangti\woekspace147\microService147\hmall\user-service\target\classes started by guorenhao in D:\shuangti\woekspace147\microService147)
16:17:50:982 DEBUG 26920 --- [main] com.hmall.user.UserApplication           : Running with Spring Boot v2.7.12, Spring v5.3.27
16:17:50:982  INFO 26920 --- [main] com.hmall.user.UserApplication           : The following 1 profile is active: "dev"
16:17:52:393  INFO 26920 --- [main] .s.d.r.c.RepositoryConfigurationDelegate : Multiple Spring Data modules found, entering strict repository configuration mode
16:17:52:398  INFO 26920 --- [main] .s.d.r.c.RepositoryConfigurationDelegate : Bootstrapping Spring Data Redis repositories in DEFAULT mode.
16:17:52:438  INFO 26920 --- [main] .s.d.r.c.RepositoryConfigurationDelegate : Finished Spring Data repository scanning in 19 ms. Found 0 Redis repository interfaces.
16:17:52:777  INFO 26920 --- [main] o.s.cloud.context.scope.GenericScope     : BeanFactory id=0d32979e-0159-3263-803a-078e7ca7016d
16:17:53:735  INFO 26920 --- [main] o.s.b.w.embedded.tomcat.TomcatWebServer  : Tomcat initialized with port(s): 8083 (http)
16:17:53:748  INFO 26920 --- [main] o.apache.catalina.core.StandardService   : Starting service [Tomcat]
16:17:53:749  INFO 26920 --- [main] org.apache.catalina.core.StandardEngine  : Starting Servlet engine: [Apache Tomcat/9.0.75]
16:17:54:057  INFO 26920 --- [main] o.a.c.c.C.[Tomcat].[localhost].[/]       : Initializing Spring embedded WebApplicationContext
16:17:54:058  INFO 26920 --- [main] w.s.c.ServletWebServerApplicationContext : Root WebApplicationContext: initialization completed in 2996 ms
16:17:56:030  INFO 26920 --- [main] pertySourcedRequestMappingHandlerMapping : Mapped URL path [/v2/api-docs] onto method [springfox.documentation.swagger2.web.Swagger2ControllerWebMvc#getDocumentation(String, HttpServletRequest)]
16:17:57:133  INFO 26920 --- [main] com.alibaba.nacos.common.remote.client   : [RpcClientFactory] create a new rpc client of a5a24839-2a3e-42f9-8c8c-90bf68fc644c
16:17:57:226  INFO 26920 --- [main] org.reflections.Reflections              : Reflections took 40 ms to scan 1 urls, producing 3 keys and 6 values 
16:17:57:264  INFO 26920 --- [main] org.reflections.Reflections              : Reflections took 13 ms to scan 1 urls, producing 4 keys and 9 values 
16:17:57:277  INFO 26920 --- [main] org.reflections.Reflections              : Reflections took 7 ms to scan 1 urls, producing 3 keys and 10 values 
16:17:57:281  WARN 26920 --- [main] org.reflections.Reflections              : given scan urls are empty. set urls in the configuration
16:17:57:289  INFO 26920 --- [main] org.reflections.Reflections              : Reflections took 7 ms to scan 1 urls, producing 1 keys and 5 values 
16:17:57:300  INFO 26920 --- [main] org.reflections.Reflections              : Reflections took 7 ms to scan 1 urls, producing 1 keys and 7 values 
16:17:57:311  INFO 26920 --- [main] org.reflections.Reflections              : Reflections took 6 ms to scan 1 urls, producing 2 keys and 8 values 
16:17:57:317  WARN 26920 --- [main] org.reflections.Reflections              : given scan urls are empty. set urls in the configuration
16:17:57:319  INFO 26920 --- [main] com.alibaba.nacos.common.remote.client   : [a5a24839-2a3e-42f9-8c8c-90bf68fc644c] RpcClient init label, labels = {module=naming, source=sdk}
16:17:57:322  INFO 26920 --- [main] com.alibaba.nacos.common.remote.client   : [a5a24839-2a3e-42f9-8c8c-90bf68fc644c] RpcClient init, ServerListFactory = com.alibaba.nacos.client.naming.core.ServerListManager
16:17:57:323  INFO 26920 --- [main] com.alibaba.nacos.common.remote.client   : [a5a24839-2a3e-42f9-8c8c-90bf68fc644c] Registry connection listener to current client:com.alibaba.nacos.client.naming.remote.gprc.redo.NamingGrpcRedoService
16:17:57:324  INFO 26920 --- [main] com.alibaba.nacos.common.remote.client   : [a5a24839-2a3e-42f9-8c8c-90bf68fc644c] Register server push request handler:com.alibaba.nacos.client.naming.remote.gprc.NamingPushRequestHandler
16:17:57:326  INFO 26920 --- [main] com.alibaba.nacos.common.remote.client   : [a5a24839-2a3e-42f9-8c8c-90bf68fc644c] Try to connect to server on start up, server: {serverIp = '192.168.12.6', server main port = 8848}
16:17:58:837  INFO 26920 --- [main] com.alibaba.nacos.common.remote.client   : [a5a24839-2a3e-42f9-8c8c-90bf68fc644c] Success to connect to server [192.168.12.6:8848] on start up, connectionId = 1779697075440_192.168.12.1_2451
16:17:58:838  INFO 26920 --- [com.alibaba.nacos.client.remote.worker] com.alibaba.nacos.common.remote.client   : [a5a24839-2a3e-42f9-8c8c-90bf68fc644c] Notify connected event to listeners.
16:17:58:839  INFO 26920 --- [main] com.alibaba.nacos.common.remote.client   : [a5a24839-2a3e-42f9-8c8c-90bf68fc644c] Register server push request handler:com.alibaba.nacos.common.remote.client.RpcClient$ConnectResetRequestHandler
16:17:58:839  INFO 26920 --- [main] com.alibaba.nacos.common.remote.client   : [a5a24839-2a3e-42f9-8c8c-90bf68fc644c] Register server push request handler:com.alibaba.nacos.common.remote.client.RpcClient$$Lambda$1099/0x000000001c88a2d8
16:17:58:904  INFO 26920 --- [main] o.s.b.w.embedded.tomcat.TomcatWebServer  : Tomcat started on port(s): 8083 (http) with context path ''
16:17:58:914  INFO 26920 --- [main] c.a.c.n.registry.NacosServiceRegistry    : nacos registry, DEFAULT_GROUP user-service 10.40.16.98:8083 register finished
16:17:59:160  INFO 26920 --- [main] d.s.w.p.DocumentationPluginsBootstrapper : Documentation plugins bootstrapped
16:17:59:162  INFO 26920 --- [main] d.s.w.p.DocumentationPluginsBootstrapper : Found 1 custom documentation plugin(s)
16:17:59:191  INFO 26920 --- [main] s.d.s.w.s.ApiListingReferenceScanner     : Scanning for api listing references
16:17:59:308  INFO 26920 --- [main] com.hmall.user.UserApplication           : Started UserApplication in 9.585 seconds (JVM running for 10.845)
16:17:59:471  INFO 26920 --- [nacos-grpc-client-executor-9] com.alibaba.nacos.common.remote.client   : [a5a24839-2a3e-42f9-8c8c-90bf68fc644c] Receive server push request, request = NotifySubscriberRequest, requestId = 5
16:17:59:474  INFO 26920 --- [nacos-grpc-client-executor-9] com.alibaba.nacos.common.remote.client   : [a5a24839-2a3e-42f9-8c8c-90bf68fc644c] Ack server push request, request = NotifySubscriberRequest, requestId = 5
16:18:42:172  INFO 26920 --- [http-nio-8083-exec-4] o.a.c.c.C.[Tomcat].[localhost].[/]       : Initializing Spring DispatcherServlet 'dispatcherServlet'
16:18:42:173  INFO 26920 --- [http-nio-8083-exec-4] o.s.web.servlet.DispatcherServlet        : Initializing Servlet 'dispatcherServlet'
16:18:42:175  INFO 26920 --- [http-nio-8083-exec-4] o.s.web.servlet.DispatcherServlet        : Completed initialization in 2 ms
