09:31:19:336  INFO 6440 --- [main] com.hmall.cart.CartApplication           : Starting CartApplication using Java 17.0.18 on LAPTOP-TAHSHQGJ with PID 6440 (D:\shuangti\woekspace147\microService147\hmall\cart-service\target\classes started by guorenhao in D:\shuangti\woekspace147\microService147)
09:31:19:342 DEBUG 6440 --- [main] com.hmall.cart.CartApplication           : Running with Spring Boot v2.7.12, Spring v5.3.27
09:31:19:343  INFO 6440 --- [main] com.hmall.cart.CartApplication           : The following 1 profile is active: "dev"
09:31:20:739  INFO 6440 --- [main] o.s.cloud.context.scope.GenericScope     : BeanFactory id=08c3330c-6bd4-39d2-83ab-a4a4f1e83aa4
09:31:21:398  INFO 6440 --- [main] o.s.b.w.embedded.tomcat.TomcatWebServer  : Tomcat initialized with port(s): 8082 (http)
09:31:21:412  INFO 6440 --- [main] o.apache.catalina.core.StandardService   : Starting service [Tomcat]
09:31:21:412  INFO 6440 --- [main] org.apache.catalina.core.StandardEngine  : Starting Servlet engine: [Apache Tomcat/9.0.75]
09:31:21:666  INFO 6440 --- [main] o.a.c.c.C.[Tomcat].[localhost].[/]       : Initializing Spring embedded WebApplicationContext
09:31:21:666  INFO 6440 --- [main] w.s.c.ServletWebServerApplicationContext : Root WebApplicationContext: initialization completed in 2263 ms
09:31:22:492  INFO 6440 --- [main] o.s.c.openfeign.FeignClientFactoryBean   : For 'item-service' URL not provided. Will try picking an instance via load-balancing.
09:31:23:501  INFO 6440 --- [main] pertySourcedRequestMappingHandlerMapping : Mapped URL path [/v2/api-docs] onto method [springfox.documentation.swagger2.web.Swagger2ControllerWebMvc#getDocumentation(String, HttpServletRequest)]
09:31:23:941  INFO 6440 --- [main] com.alibaba.nacos.common.remote.client   : [RpcClientFactory] create a new rpc client of a09c6ca1-b4c3-421b-8997-518fb4c3779e
09:31:24:069  INFO 6440 --- [main] org.reflections.Reflections              : Reflections took 63 ms to scan 1 urls, producing 3 keys and 6 values 
09:31:24:110  INFO 6440 --- [main] org.reflections.Reflections              : Reflections took 11 ms to scan 1 urls, producing 4 keys and 9 values 
09:31:24:122  INFO 6440 --- [main] org.reflections.Reflections              : Reflections took 7 ms to scan 1 urls, producing 3 keys and 10 values 
09:31:24:126  WARN 6440 --- [main] org.reflections.Reflections              : given scan urls are empty. set urls in the configuration
09:31:24:134  INFO 6440 --- [main] org.reflections.Reflections              : Reflections took 6 ms to scan 1 urls, producing 1 keys and 5 values 
09:31:24:145  INFO 6440 --- [main] org.reflections.Reflections              : Reflections took 7 ms to scan 1 urls, producing 1 keys and 7 values 
09:31:24:158  INFO 6440 --- [main] org.reflections.Reflections              : Reflections took 7 ms to scan 1 urls, producing 2 keys and 8 values 
09:31:24:162  WARN 6440 --- [main] org.reflections.Reflections              : given scan urls are empty. set urls in the configuration
09:31:24:165  INFO 6440 --- [main] com.alibaba.nacos.common.remote.client   : [a09c6ca1-b4c3-421b-8997-518fb4c3779e] RpcClient init label, labels = {module=naming, source=sdk}
09:31:24:169  INFO 6440 --- [main] com.alibaba.nacos.common.remote.client   : [a09c6ca1-b4c3-421b-8997-518fb4c3779e] RpcClient init, ServerListFactory = com.alibaba.nacos.client.naming.core.ServerListManager
09:31:24:169  INFO 6440 --- [main] com.alibaba.nacos.common.remote.client   : [a09c6ca1-b4c3-421b-8997-518fb4c3779e] Registry connection listener to current client:com.alibaba.nacos.client.naming.remote.gprc.redo.NamingGrpcRedoService
09:31:24:170  INFO 6440 --- [main] com.alibaba.nacos.common.remote.client   : [a09c6ca1-b4c3-421b-8997-518fb4c3779e] Register server push request handler:com.alibaba.nacos.client.naming.remote.gprc.NamingPushRequestHandler
09:31:24:173  INFO 6440 --- [main] com.alibaba.nacos.common.remote.client   : [a09c6ca1-b4c3-421b-8997-518fb4c3779e] Try to connect to server on start up, server: {serverIp = '192.168.12.6', server main port = 8848}
09:31:25:615  INFO 6440 --- [main] com.alibaba.nacos.common.remote.client   : [a09c6ca1-b4c3-421b-8997-518fb4c3779e] Success to connect to server [192.168.12.6:8848] on start up, connectionId = 1778808685039_192.168.12.1_8413
09:31:25:617  INFO 6440 --- [com.alibaba.nacos.client.remote.worker] com.alibaba.nacos.common.remote.client   : [a09c6ca1-b4c3-421b-8997-518fb4c3779e] Notify connected event to listeners.
09:31:25:617  INFO 6440 --- [main] com.alibaba.nacos.common.remote.client   : [a09c6ca1-b4c3-421b-8997-518fb4c3779e] Register server push request handler:com.alibaba.nacos.common.remote.client.RpcClient$ConnectResetRequestHandler
09:31:25:617  INFO 6440 --- [main] com.alibaba.nacos.common.remote.client   : [a09c6ca1-b4c3-421b-8997-518fb4c3779e] Register server push request handler:com.alibaba.nacos.common.remote.client.RpcClient$$Lambda$995/0x000000001c7d5f50
09:31:25:680  INFO 6440 --- [main] o.s.b.w.embedded.tomcat.TomcatWebServer  : Tomcat started on port(s): 8082 (http) with context path ''
09:31:25:942  INFO 6440 --- [main] c.a.c.n.registry.NacosServiceRegistry    : nacos registry, DEFAULT_GROUP cart-service 10.40.16.98:8082 register finished
09:31:25:943  INFO 6440 --- [main] d.s.w.p.DocumentationPluginsBootstrapper : Documentation plugins bootstrapped
09:31:25:948  INFO 6440 --- [main] d.s.w.p.DocumentationPluginsBootstrapper : Found 1 custom documentation plugin(s)
09:31:25:986  INFO 6440 --- [main] s.d.s.w.s.ApiListingReferenceScanner     : Scanning for api listing references
09:31:26:088  INFO 6440 --- [main] com.hmall.cart.CartApplication           : Started CartApplication in 7.814 seconds (JVM running for 8.96)
09:31:26:232  INFO 6440 --- [nacos-grpc-client-executor-10] com.alibaba.nacos.common.remote.client   : [a09c6ca1-b4c3-421b-8997-518fb4c3779e] Receive server push request, request = NotifySubscriberRequest, requestId = 4
09:31:26:235  INFO 6440 --- [nacos-grpc-client-executor-10] com.alibaba.nacos.common.remote.client   : [a09c6ca1-b4c3-421b-8997-518fb4c3779e] Ack server push request, request = NotifySubscriberRequest, requestId = 4
